// Jest Snapshot v1, https://goo.gl/fbAQLP

exports[`SearchChurchCard matches snapshot 1`] = `
<div>
  <div
    class="chakra-card css-lgv4hl"
    data-testid="search-church-card"
  >
    <div
      class="chakra-card__body css-0"
    >
      <div
        class="css-hsgtjs"
      >
        <span
          class="chakra-avatar css-6zzhhc"
          data-testid="avatar"
        >
          <div
            aria-label="Greater Love MegaBacenta"
            class="chakra-avatar__initials css-0"
            role="img"
          >
            GM
          </div>
          <div>
            SearchIconBadge
          </div>
        </span>
        <div
          class="css-0"
        >
          <p
            class="chakra-text css-t8vhkl"
          >
            Greater Love MegaBacenta
          </p>
          <p
            class="chakra-text css-1hxe9sv"
          >
            Ps. Dan Abramov
          </p>
        </div>
      </div>
    </div>
  </div>
</div>
`;
